<?xml version="1.0" encoding="utf-8"?><testsuites><testsuite name="pytest" errors="0" failures="0" skipped="0" tests="112" time="29.225" timestamp="2025-04-27T14:30:04.792536" hostname="HUAWEI"><testcase classname="tests.test_app" name="test_prepopulate_attendance" time="0.029" /><testcase classname="tests.test_app" name="test_hash_password" time="0.503" /><testcase classname="tests.test_app" name="test_check_password" time="0.738" /><testcase classname="tests.test_app" name="test_login_success" time="0.600" /><testcase classname="tests.test_app" name="test_login_failure" time="0.271" /><testcase classname="tests.test_app" name="test_logout" time="0.524" /><testcase classname="tests.test_app" name="test_protected_routes" time="0.274" /><testcase classname="tests.test_app" name="test_index_route" time="0.535" /><testcase classname="tests.test_app" name="test_login_missing_fields" time="0.269" /><testcase classname="tests.test_app" name="test_register_missing_fields" time="0.264" /><testcase classname="tests.test_app" name="test_attendance_route_all_branches" time="0.582" /><testcase classname="tests.test_app" name="test_register_route_all_branches" time="0.270" /><testcase classname="tests.test_app" name="test_take_attendance_route_all_branches" time="0.534" /><testcase classname="tests.test_app" name="test_stop_attendance_route" time="0.532" /><testcase classname="tests.test_app" name="test_reports_and_student_semester_attendance_routes" time="1.081" /><testcase classname="tests.test_app" name="test_reports_route_edge_cases" time="1.088" /><testcase classname="tests.test_app" name="test_student_semester_attendance_edge_cases" time="0.561" /><testcase classname="tests.test_app" name="test_take_attendance_route_edge_cases" time="0.561" /><testcase classname="tests.test_app" name="test_stop_attendance_route_edge_cases" time="0.535" /><testcase classname="tests.test_app" name="test_register_existing_folder_image_clearing" time="0.540" /><testcase classname="tests.test_app" name="test_capture_image_empty_roi_before_resize" time="0.525" /><testcase classname="tests.test_app" name="test_capture_image_session_missing" time="0.530" /><testcase classname="tests.test_app" name="test_capture_image_success" time="0.533" /><testcase classname="tests.test_app" name="test_db_error_handler" time="0.524" /><testcase classname="tests.test_app" name="test_protected_route_no_session" time="0.267" /><testcase classname="tests.test_app" name="test_script_entry_guard" time="0.010" /><testcase classname="tests.test_app" name="test_attendance_report" time="0.555" /><testcase classname="tests.test_app" name="test_student_lookup" time="0.531" /><testcase classname="tests.test_app" name="test_face_registration_flow" time="0.530" /><testcase classname="tests.test_app" name="test_invalid_routes" time="0.278" /><testcase classname="tests.test_app" name="test_database_error_handling" time="0.527" /><testcase classname="tests.test_app_create_folder_logic" name="test_create_folder_valid_new" time="0.271" /><testcase classname="tests.test_app_create_folder_logic" name="test_create_folder_missing_fields" time="0.263" /><testcase classname="tests.test_app_create_folder_logic" name="test_create_folder_invalid_characters" time="0.275" /><testcase classname="tests.test_app_create_folder_logic" name="test_create_folder_existing_student" time="0.273" /><testcase classname="tests.test_app_extra" name="test_login_empty_form" time="0.004" /><testcase classname="tests.test_app_extra" name="test_login_wrong_method" time="0.003" /><testcase classname="tests.test_app_extra" name="test_logout_without_login" time="0.002" /><testcase classname="tests.test_app_extra" name="test_access_protected_without_login" time="0.006" /><testcase classname="tests.test_app_extra" name="test_db_error_on_login" time="0.005" /><testcase classname="tests.test_app_extra" name="test_invalid_route" time="0.003" /><testcase classname="tests.test_app_extra" name="test_register_post_empty" time="0.002" /><testcase classname="tests.test_app_extra" name="test_capture_image_invalid_method" time="0.003" /><testcase classname="tests.test_app_finalize_and_folder_branches" name="test_finalize_registration_missing_folder" time="0.004" /><testcase classname="tests.test_app_finalize_and_folder_branches" name="test_finalize_registration_no_images" time="0.004" /><testcase classname="tests.test_app_finalize_and_folder_branches" name="test_finalize_registration_subprocess_error" time="0.005" /><testcase classname="tests.test_app_finalize_and_folder_branches" name="test_finalize_registration_db_error" time="0.006" /><testcase classname="tests.test_app_finalize_and_folder_branches" name="test_create_folder_missing_json" time="0.004" /><testcase classname="tests.test_app_finalize_and_folder_branches" name="test_create_folder_db_error" time="0.003" /><testcase classname="tests.test_app_finalize_and_folder_branches" name="test_create_folder_file_error" time="0.006" /><testcase classname="tests.test_app_finalize_registration" name="test_finalize_registration_missing_session" time="0.320" /><testcase classname="tests.test_app_finalize_registration" name="test_finalize_registration_no_images" time="0.264" /><testcase classname="tests.test_app_finalize_registration" name="test_finalize_registration_success_new_student" time="0.266" /><testcase classname="tests.test_app_reports_route" name="test_reports_route_success" time="0.265" /><testcase classname="tests.test_app_reports_route" name="test_reports_route_db_error" time="0.280" /><testcase classname="tests.test_app_routes_coverage" name="test_take_attendance_route" time="0.287" /><testcase classname="tests.test_app_routes_coverage" name="test_stop_attendance_route" time="0.282" /><testcase classname="tests.test_app_routes_coverage" name="test_register_route_get" time="0.248" /><testcase classname="tests.test_app_routes_coverage" name="test_create_folder_route_post" time="0.249" /><testcase classname="tests.test_app_routes_coverage" name="test_capture_image_post" time="0.247" /><testcase classname="tests.test_app_routes_coverage" name="test_finalize_registration_post" time="0.249" /><testcase classname="tests.test_app_routes_coverage" name="test_reports_route" time="0.251" /><testcase classname="tests.test_app_routes_coverage" name="test_student_semester_attendance_route" time="0.254" /><testcase classname="tests.test_app_routes_edgecases" name="test_attendance_missing_data" time="0.045" /><testcase classname="tests.test_app_routes_edgecases" name="test_take_attendance_db_error" time="0.003" /><testcase classname="tests.test_app_routes_edgecases" name="test_stop_attendance_db_error" time="0.004" /><testcase classname="tests.test_app_routes_edgecases" name="test_register_missing_fields" time="0.005" /><testcase classname="tests.test_app_routes_edgecases" name="test_create_folder_db_error" time="0.003" /><testcase classname="tests.test_app_routes_edgecases" name="test_capture_image_missing_session" time="0.003" /><testcase classname="tests.test_app_routes_edgecases" name="test_capture_image_invalid_data" time="0.005" /><testcase classname="tests.test_app_routes_edgecases" name="test_finalize_registration_missing_session" time="0.002" /><testcase classname="tests.test_app_routes_edgecases" name="test_finalize_registration_db_error" time="0.004" /><testcase classname="tests.test_app_routes_edgecases" name="test_reports_invalid_params" time="0.580" /><testcase classname="tests.test_app_routes_edgecases" name="test_student_semester_attendance_missing_data" time="0.042" /><testcase classname="tests.test_app_student_semester_attendance_branches" name="test_student_semester_attendance_no_student" time="0.005" /><testcase classname="tests.test_app_student_semester_attendance_branches" name="test_student_semester_attendance_no_courses" time="0.005" /><testcase classname="tests.test_app_student_semester_attendance_branches" name="test_student_semester_attendance_no_attendance" time="0.005" /><testcase classname="tests.test_app_student_semester_attendance_branches" name="test_student_semester_attendance_db_error" time="0.005" /><testcase classname="tests.test_app_uncovered" name="test_hash_password_and_check" time="0.748" /><testcase classname="tests.test_app_uncovered" name="test_login_route_unexpected" time="0.002" /><testcase classname="tests.test_app_uncovered" name="test_logout_route" time="0.006" /><testcase classname="tests.test_app_uncovered" name="test_index_db_error" time="0.004" /><testcase classname="tests.test_app_uncovered" name="test_db_error_handler" time="0.005" /><testcase classname="tests.test_attendance_taker" name="test_get_face_database" time="0.007" /><testcase classname="tests.test_attendance_taker" name="test_return_euclidean_distance" time="0.001" /><testcase classname="tests.test_attendance_taker" name="test_prepopulate_attendance_and_attendance" time="0.021" /><testcase classname="tests.test_attendance_taker" name="test_update_fps" time="0.001" /><testcase classname="tests.test_attendance_taker" name="test_centroid_tracker" time="0.002" /><testcase classname="tests.test_attendance_taker" name="test_draw_note" time="0.001" /><testcase classname="tests.test_attendance_taker" name="test_process_method" time="0.002" /><testcase classname="tests.test_attendance_taker_branches" name="test_prepopulate_attendance_no_students" time="0.001" /><testcase classname="tests.test_attendance_taker_branches" name="test_get_face_database_handles_malformed" time="0.001" /><testcase classname="tests.test_attendance_taker_extra" name="test_prepopulate_attendance_no_students" time="0.002" /><testcase classname="tests.test_attendance_taker_extra" name="test_get_face_database_missing_csv" time="0.003" /><testcase classname="tests.test_attendance_taker_extra" name="test_get_face_database_malformed_csv" time="0.002" /><testcase classname="tests.test_attendance_taker_methods" name="test_face_recognizer_init" time="0.001" /><testcase classname="tests.test_attendance_taker_methods" name="test_prepopulate_attendance_handles_db_error" time="0.001" /><testcase classname="tests.test_attendance_taker_methods" name="test_get_face_database_handles_empty" time="0.002" /><testcase classname="tests.test_attendance_taker_methods" name="test_get_face_database_handles_invalid" time="0.002" /><testcase classname="tests.test_features_extraction" name="test_return_128d_features" time="0.013" /><testcase classname="tests.test_features_extraction" name="test_return_features_mean_personX" time="0.006" /><testcase classname="tests.test_features_extraction" name="test_main" time="0.005" /><testcase classname="tests.test_features_extraction" name="test_no_face_detection" time="0.016" /><testcase classname="tests.test_features_extraction" name="test_empty_person_directory" time="0.005" /><testcase classname="tests.test_features_extraction_extra" name="test_return_128d_features_img_none" time="0.001" /><testcase classname="tests.test_features_extraction_extra" name="test_return_128d_features_face_detected" time="0.002" /><testcase classname="tests.test_features_extraction_extra" name="test_script_entrypoint" time="2.871" /><testcase classname="tests.test_features_extraction_extra" name="test_return_128d_features_no_faces" time="0.002" /><testcase classname="tests.test_features_extraction_extra" name="test_return_features_mean_personX_all_invalid" time="0.004" /><testcase classname="tests.test_features_extraction_extra" name="test_main_skips_invalid_folder" time="0.022" /><testcase classname="tests.test_features_extraction_extra" name="test_main_valid_folder" time="0.008" /><testcase classname="tests.test_features_extraction_extra" name="test_return_features_mean_personX_empty" time="0.004" /></testsuite></testsuites>